add chain ip6 filter output
add chain ip6 nat PREROUTING
add rule ip6 filter output ip daddr 127.0.0.8 drop
insert rule ip6 filter output position 2 ip daddr 127.0.0.9 drop
add rule ip6 nat PREROUTING ip daddr 127.0.0.10 drop
