add chain ip filter output
insert rule ip filter output position 1 ip daddr 127.0.0.8 drop
insert rule ip filter output position 2 ip daddr 127.0.0.9 drop
insert rule ip filter output position 3 ip daddr 127.0.0.10 drop
